    For further information visit https://errors.pydantic.dev/2.
13/v/missing
